
 RUN  v2.1.9 /private/tmp/himotoki-sub-audit-20260930

stdout | src/utils/audit-captions.test.ts > audit: actual caption fetch boundaries > an old primary request overwrites newer captions and can repopulate after reset
[store] enabled [getState] true
[store] translateLanguage [getState] en
[store] learningService [getState] himotoki
[store] translationService [getState] google
[store] subsFontSize [getState] 100
[store] subsBackground [getState] true
[store] moveBySubsEnabled [getState] true
[store] hoverAction [getState] both
[store] clickAction [getState] popup

 ✓ src/utils/audit-captions.test.ts (1 test) 137ms
stdout | src/utils/audit-captions.test.ts > audit: actual caption fetch boundaries > an old primary request overwrites newer captions and can repopulate after reset
[store] 2 [getState] []
[store] 5 [getState] []
[store] 166 [getState] 0
[store] 14 [getState] []
[store] 11 [getState] null
[store] 2 [ { text: 'New video', start: 0, end: 1000 } ]
[effect] 74.doneData []
[store] 5 []
[effect] 87.doneData []
[store] 5 []
[store] 2 [ { text: 'Old video', start: 0, end: 1000 } ]
After newer then older response: [ { text: 'Old video', start: 0, end: 1000 } ]
[store] 2 []
[store] 5 []
[effect] 74.doneData []
[effect] 74.doneData []
[store] 5 []
[store] 2 [ { text: 'Disabled old video', start: 0, end: 1000 } ]
After reset then late fetch: [ { text: 'Disabled old video', start: 0, end: 1000 } ]
[effect] 74.doneData []
[store] 5 []
[effect] 87.doneData []
[store] 5 []


 Test Files  1 passed (1)
      Tests  1 passed (1)
   Start at  12:51:13
   Duration  361ms (transform 91ms, setup 0ms, collect 21ms, tests 137ms, environment 0ms, prepare 49ms)

