
 RUN  v2.1.9 /private/tmp/himotoki-sub-audit-20260930

stdout | src/utils/audit-dictionary-update.test.ts > audit: actual dictionary worker update algorithm > a valid SQLite download with wrong schema deletes the prior dictionary and reports ready
After failed update: {"state":"ready","error":"","oldPreserved":false,"stagedFileSurvived":false}

stderr | src/utils/audit-dictionary-update.test.ts > audit: actual dictionary worker update algorithm > a valid SQLite download with wrong schema deletes the prior dictionary and reports ready
[himotoki-dict] op failed install no such table: meta
Error: no such table: meta
    at OpfsSAHPoolDb.exec (/private/tmp/himotoki-sub-audit-20260930/src/utils/audit-dictionary-update.test.ts:9:613)
    at query (/private/tmp/himotoki-sub-audit-20260930/src/pages/offscreen/dict.worker.ts:69:13)
    at openDb (/private/tmp/himotoki-sub-audit-20260930/src/pages/offscreen/dict.worker.ts:136:6)
    at /private/tmp/himotoki-sub-audit-20260930/src/pages/offscreen/dict.worker.ts:273:7
    at processTicksAndRejections (node:internal/process/task_queues:104:5)
    at Object.self.onmessage (/private/tmp/himotoki-sub-audit-20260930/src/pages/offscreen/dict.worker.ts:351:9)
    at /private/tmp/himotoki-sub-audit-20260930/src/utils/audit-dictionary-update.test.ts:11:261
    at file:///private/tmp/himotoki-sub-audit-20260930/node_modules/.pnpm/@vitest+runner@2.1.9/node_modules/@vitest/runner/dist/index.js:533:5
    at runTest (file:///private/tmp/himotoki-sub-audit-20260930/node_modules/.pnpm/@vitest+runner@2.1.9/node_modules/@vitest/runner/dist/index.js:1056:11)
    at runSuite (file:///private/tmp/himotoki-sub-audit-20260930/node_modules/.pnpm/@vitest+runner@2.1.9/node_modules/@vitest/runner/dist/index.js:1205:15)

 ✓ src/utils/audit-dictionary-update.test.ts (1 test) 101ms

 Test Files  1 passed (1)
      Tests  1 passed (1)
   Start at  13:02:21
   Duration  339ms (transform 88ms, setup 0ms, collect 28ms, tests 101ms, environment 0ms, prepare 42ms)

