
 RUN  v2.1.9 /private/tmp/himotoki-sub-audit-20260930

stdout | src/utils/audit-online-headwords.test.ts > Sub online usually-kana contract > いつ
いつ -> displayed/saved 何時 despite API usually_kana=true

stdout | src/utils/audit-online-headwords.test.ts > Sub online usually-kana contract > この
この -> displayed/saved 此の despite API usually_kana=true

stdout | src/utils/audit-online-headwords.test.ts > Sub online usually-kana contract > どこ
どこ -> displayed/saved 何処 despite API usually_kana=true

stdout | src/utils/audit-online-headwords.test.ts > Sub online usually-kana contract > まだ
まだ -> displayed/saved 未だ despite API usually_kana=true

stdout | src/utils/audit-online-headwords.test.ts > Sub online usually-kana contract > ある
ある -> displayed/saved 有る despite API usually_kana=true

stdout | src/utils/audit-online-headwords.test.ts > Sub online usually-kana contract > コーヒー
コーヒー -> displayed/saved 珈琲 despite API usually_kana=true

 ✓ src/utils/audit-online-headwords.test.ts (6 tests) 3ms
stdout | src/utils/audit-export-headwords.test.ts > dictionary-resolved known words export without headwords even though lookup supplied them
Lookup headword: 猫 ; actual CSV:
key,headword,source,seq,status
seq:jitendex:1467640,,jitendex,1467640,known
Actual JSON:
[
  {
    "key": "seq:jitendex:1467640",
    "headword": "",
    "source": "jitendex",
    "seq": "1467640",
    "status": "known"
  }
]
Only fallback hw: keys retain headwords; normal seq: keys omit them.

 ✓ src/utils/audit-export-headwords.test.ts (1 test) 2ms

 Test Files  2 passed (2)
      Tests  7 passed (7)
   Start at  14:16:26
   Duration  360ms (transform 49ms, setup 0ms, collect 66ms, tests 5ms, environment 0ms, prepare 94ms)

