
 RUN  v2.1.9 /private/tmp/himotoki-sub-audit-20260930

 ✓ src/utils/audit-dictionary-cache.test.ts (1 test) 3ms
stdout | src/utils/audit-dictionary-cache.test.ts > ready-to-ready dictionary replacement retains the previous cached entry
After new dictionary reports ready: calls= 1 cached meaning= old revision

stdout | src/utils/audit-multitab-status.test.ts > audit: cross-tab word status persistence > two tabs marking different words before onChanged delivery lose the first word
[store] enabled [getState] true
[store] translateLanguage [getState] en
[store] learningService [getState] himotoki
[store] translationService [getState] google
[store] subsFontSize [getState] 100
[store] subsBackground [getState] true
[store] moveBySubsEnabled [getState] true
[store] hoverAction [getState] both
[store] clickAction [getState] popup

stdout | src/utils/audit-multitab-status.test.ts > audit: cross-tab word status persistence > two tabs marking different words before onChanged delivery lose the first word
[store] enabled [getState] true
[store] translateLanguage [getState] en
[store] learningService [getState] himotoki
[store] translationService [getState] google
[store] subsFontSize [getState] 100
[store] subsBackground [getState] true
[store] moveBySubsEnabled [getState] true
[store] hoverAction [getState] both
[store] clickAction [getState] popup

 ✓ src/utils/audit-multitab-status.test.ts (1 test) 92ms
stdout | src/utils/audit-multitab-status.test.ts > audit: cross-tab word status persistence > two tabs marking different words before onChanged delivery lose the first word
Tab A marked cat; tab B marked dog. After notifications, stored statuses: {"seq:jitendex:1259970":"known"} known words: ["seq:jitendex:1259970"]


 Test Files  2 passed (2)
      Tests  2 passed (2)
   Start at  13:30:13
   Duration  431ms (transform 96ms, setup 0ms, collect 68ms, tests 95ms, environment 0ms, prepare 98ms)

